======================================================================
PARSING TEST RESUME
======================================================================

======================================================================
python : Traceback (most 
recent call last):
At line:1 char:1
+ python test_parsing.py 2>&1 
| Out-File -FilePath 
test_output.txt -Enc ...
+ ~~~~~~~~~~~~~~~~~~~~~~~~~~~
    + CategoryInfo          : 
    NotSpecified: (Traceback  
   (most recent call last):   
 :String) [], RemoteExcept    
ion
    + FullyQualifiedErrorId : 
    NativeCommandError
 
  File "C:\Users\valla\Desktop
\Resume 
formatter\test_parsing.py", 
line 32, in <module>
    result = parse_resume('C:\
\Users\\valla\\Desktop\\Resume
 formatter\\temp_test_resume.t
xt', 'txt')
  File "C:\Users\valla\Desktop
\Resume formatter\Backend\util
s\advanced_resume_parser.py", 
line 664, in parse_resume
    return parser.parse()
           ~~~~~~~~~~~~^^
  File "C:\Users\valla\Desktop
\Resume formatter\Backend\util
s\advanced_resume_parser.py", 
line 30, in parse
    print(f"\U0001f4cb 
PARSING RESUME: {self.file_pat
h.split('/')[-1]}")
    ~~~~~^^^^^^^^^^^^^^^^^^^^^
^^^^^^^^^^^^^^^^^^^^^^^^^^^^^^
^^^^
  File "C:\Python313\Lib\encod
ings\cp1252.py", line 19, in 
encode
    return codecs.charmap_enco
de(input,self.errors,encoding_
table)[0]
           ~~~~~~~~~~~~~~~~~~~
~~^^^^^^^^^^^^^^^^^^^^^^^^^^^^
^^^^^^
UnicodeEncodeError: 'charmap' 
codec can't encode character 
'\U0001f4cb' in position 0: 
character maps to <undefined>
